
> angular@0.0.0 start
> ng serve  --no-hmr --disable-host-check --port 3000 --host 0.0.0.0

Warning: Running a server with --disable-host-check is a security risk. See https://medium.com/webpack/webpack-dev-server-middleware-security-issues-1489d950874a for more information.
The "disableHostCheck" option will not be used because it is not supported by the "@angular-devkit/build-angular:application" builder.
❯ Building...
✔ Building...
Application bundle generation failed. [7.220 seconds]

▲ [WARNING] NG8103: The `*ngIf` directive was used in the template, but neither the `NgIf` directive nor the `CommonModule` was imported. Use Angular's built-in control flow @if or make sure that either the `NgIf` directive or the `CommonModule` is included in the `@Component.imports` array of this component. [plugin angular-compiler]

    src/app/app.component.html:10:8:
      10 │   <div *ngIf="isGameOver" class="ttt-notification" [ngClass]="{'wi...
         ╵         ~~~~

  Error occurs in the template of component AppComponent.

    src/app/app.component.ts:7:15:
      7 │   templateUrl: './app.component.html',
        ╵                ~~~~~~~~~~~~~~~~~~~~~~


▲ [WARNING] NG8103: The `*ngFor` directive was used in the template, but neither the `NgFor` directive nor the `CommonModule` was imported. Use Angular's built-in control flow @for or make sure that either the `NgFor` directive or the `CommonModule` is included in the `@Component.imports` array of this component. [plugin angular-compiler]

    src/app/app.component.html:18:9:
      18 │         *ngFor="let cell of board; let idx = index"
         ╵          ~~~~~

  Error occurs in the template of component AppComponent.

    src/app/app.component.ts:7:15:
      7 │   templateUrl: './app.component.html',
        ╵                ~~~~~~~~~~~~~~~~~~~~~~


✘ [ERROR] NG8002: Can't bind to 'ngClass' since it isn't a known property of 'div'. [plugin angular-compiler]

    src/app/app.component.html:10:51:
      10 │ ..."ttt-notification" [ngClass]="{'win': !!winner, 'draw': !winner}">
         ╵                       ~~~~~~~~~~~~~~~~~~~~~~~~~~~~~~~~~~~~~~~~~~~~~~

  Error occurs in the template of component AppComponent.

    src/app/app.component.ts:7:15:
      7 │   templateUrl: './app.component.html',
        ╵                ~~~~~~~~~~~~~~~~~~~~~~


✘ [ERROR] NG8002: Can't bind to 'ngClass' since it isn't a known property of 'button'. [plugin angular-compiler]

    src/app/app.component.html:22:8:
      22 │         [ngClass]="{
         ╵         ~~~~~~~~~~~~

  Error occurs in the template of component AppComponent.

    src/app/app.component.ts:7:15:
      7 │   templateUrl: './app.component.html',
        ╵                ~~~~~~~~~~~~~~~~~~~~~~


✘ [ERROR] NG8002: Can't bind to 'aria-label' since it isn't a known property of 'button'. [plugin angular-compiler]

    src/app/app.component.html:28:8:
      28 │         aria-label="Tic Tac Toe cell {{ idx + 1 }}"
         ╵         ~~~~~~~~~~~~~~~~~~~~~~~~~~~~~~~~~~~~~~~~~~~

  Error occurs in the template of component AppComponent.

    src/app/app.component.ts:7:15:
      7 │   templateUrl: './app.component.html',
        ╵                ~~~~~~~~~~~~~~~~~~~~~~


Watch mode enabled. Watching for file changes...
❯ Changes detected. Rebuilding...
✔ Changes detected. Rebuilding...
Application bundle generation failed. [1.057 seconds]

✘ [ERROR] NG8002: Can't bind to 'aria-label' since it isn't a known property of 'button'. [plugin angular-compiler]

    src/app/app.component.html:28:8:
      28 │         aria-label="Tic Tac Toe cell {{ idx + 1 }}"
         ╵         ~~~~~~~~~~~~~~~~~~~~~~~~~~~~~~~~~~~~~~~~~~~

  Error occurs in the template of component AppComponent.

    src/app/app.component.ts:8:15:
      8 │   templateUrl: './app.component.html',
        ╵                ~~~~~~~~~~~~~~~~~~~~~~


❯ Changes detected. Rebuilding...
✔ Changes detected. Rebuilding...
Browser bundles     
Initial chunk files  | Names            |  Raw size
polyfills.js         | polyfills        |  90.20 kB | 
main.js              | main             |  16.24 kB | 
styles.css           | styles           |  95 bytes | 

                     | Initial total    | 106.53 kB


Server bundles      
Initial chunk files  | Names            |  Raw size
polyfills.server.mjs | polyfills.server | 572.91 kB | 
chunk-7UXMK2FI.mjs   | -                |  16.68 kB | 
server.mjs           | server           |   1.39 kB | 
main.server.mjs      | main.server      | 800 bytes | 

Application bundle generation complete. [0.851 seconds]

NOTE: Raw file sizes do not reflect development server per-request transformations.
  ➜  Local:   http://localhost:3000/
  ➜  Network: http://172.17.0.2:3000/
❯ Changes detected. Rebuilding...
